[
  {
    "name": "cloudflare.com",
    "addresses": [
      "8.8.8.8",
      "1.1.1.1"
    ]
  },
  {
    "name": "google.com",
    "addresses": [
      "10.10.10.10",
      "123.123.123.123",
      "8.8.8.8"
    ]
  }
]
