this is cloudflare.com with address 8.8.8.8
this is cloudflare.com with address 1.1.1.1
this is google.com with address 10.10.10.10
this is google.com with address 123.123.123.123
this is google.com with address 8.8.8.8
