- addresses:
  - 8.8.8.8
  - 1.1.1.1
  name: cloudflare.com
- addresses:
  - 10.10.10.10
  - 123.123.123.123
  - 8.8.8.8
  name: google.com
