139.178.84.217
140.82.121.3
192.0.43.8
76.76.21.21
